TAP version 13
ok 1 - Eloquent\Blox\BloxParserTest::testParseBlockComment with data set "Empty block" (Eloquent\Blox\Element\DocumentationBlock, '/**
 *
 */')
ok 2 - Eloquent\Blox\BloxParserTest::testParseBlockComment with data set "Standard block" (Eloquent\Blox\Element\DocumentationBlock, '/**
 * This is the summary.
 *     This is also the summary.
 *
 * This is the body.
 *
 *     This is also the body.
 *
 * @foo bar baz
 * @foo qux doom
 * @splat  boing
 *     This is part of the previous tag.
 *
 * This is ignored.
 */')
ok 3 - Eloquent\Blox\BloxParserTest::testParseBlockComment with data set "Summary only" (Eloquent\Blox\Element\DocumentationBlock, '/**
 * This is the summary.
 *     This is also the summary.
 *
 */')
ok 4 - Eloquent\Blox\BloxParserTest::testParseBlockComment with data set "Body only" (Eloquent\Blox\Element\DocumentationBlock, '/**
 *
 * This is the body.
 *
 *     This is also the body.
 */')
ok 5 - Eloquent\Blox\BloxParserTest::testParseBlockComment with data set "Tags only" (Eloquent\Blox\Element\DocumentationBlock, '/**
 * @foo bar baz
 * @foo qux doom
 * @splat boing
 *     This is part of the previous tag.
 *
 * This is ignored.
 */')
ok 6 - Eloquent\Blox\BloxParserTest::testParseBlockComment with data set "Empty tags" (Eloquent\Blox\Element\DocumentationBlock, '/**
 * @foo
 * @bar
 */')
ok 7 - Eloquent\Blox\Element\DocumentationBlockTest::testBlock
ok 8 - Eloquent\Blox\Element\DocumentationBlockTest::testTagsByName
ok 9 - Eloquent\Blox\Element\DocumentationBlockTest::testAccept
ok 10 - Eloquent\Blox\Element\DocumentationTagTest::testTag
ok 11 - Eloquent\Blox\Element\DocumentationTagTest::testTagNullContent
ok 12 - Eloquent\Blox\Element\DocumentationTagTest::testAccept
ok 13 - FunctionalTest::testExample
1..13
